// Vitest Snapshot v1, https://vitest.dev/guide/snapshot.html

exports[`<Skills /> > should a render skills component 1`] = `
.c0 {
  position: relative;
  background-color: #212121;
  width: 12rem;
  height: 12rem;
  display: -webkit-box;
  display: -webkit-flex;
  display: -ms-flexbox;
  display: flex;
  -webkit-flex-direction: column;
  -ms-flex-direction: column;
  flex-direction: column;
  -webkit-box-pack: center;
  -webkit-justify-content: center;
  -ms-flex-pack: center;
  justify-content: center;
  -webkit-align-items: center;
  -webkit-box-align: center;
  -ms-flex-align: center;
  align-items: center;
  border-radius: 0 3rem 0 0;
}

.c0::after {
  content: '';
  display: block;
  position: absolute;
  width: 100%;
  height: 0.3rem;
  background-image: linear-gradient(90deg,#8257E6 0%,#A40EE4 92.32%);
  bottom: -0.1rem;
  left: 0;
}

.c0 h3 {
  font-size: 1.6rem;
  margin-bottom: 1.6rem;
  color: #8257E6;
}

.c0 svg {
  font-size: 6rem;
  color: #8257E6;
}

.c0:hover {
  -webkit-transform: scale(1.2);
  -ms-transform: scale(1.2);
  transform: scale(1.2);
}

<div
  aria-label="Conteiner Skill"
  class="c0"
>
  <h3>
    test
  </h3>
  <div
    aria-label="icon"
  >
    test
  </div>
</div>
`;
