// Vitest Snapshot v1, https://vitest.dev/guide/snapshot.html

exports[`<SideBar /> > should to match snapshot 1`] = `
.c0 {
  position: fixed;
  width: 100%;
  height: 100vh;
  z-index: 200;
  top: 12%;
  background-color: rgba(0,0,0,0.65);
  -webkit-backdrop-filter: blur(1rem);
  backdrop-filter: blur(1rem);
  font-family: "Poppins",sans-serif;
  display: -webkit-box;
  display: -webkit-flex;
  display: -ms-flexbox;
  display: flex;
  -webkit-flex-direction: column;
  -ms-flex-direction: column;
  flex-direction: column;
  -webkit-align-items: center;
  -webkit-box-align: center;
  -ms-flex-align: center;
  align-items: center;
  gap: 10rem;
  padding: 2rem;
}

.c0.showsidebar {
  -webkit-animation: sidebar 200ms ease;
  animation: sidebar 200ms ease;
}

.c1 {
  color: #8257E6;
  font-size: 3.5rem;
  margin-top: 7rem;
  text-align: center;
}

.c2 {
  list-style: none;
  display: -webkit-box;
  display: -webkit-flex;
  display: -ms-flexbox;
  display: flex;
  -webkit-flex-direction: column;
  -ms-flex-direction: column;
  flex-direction: column;
  gap: 2.5rem;
  -webkit-align-items: center;
  -webkit-box-align: center;
  -ms-flex-align: center;
  align-items: center;
}

.c3:hover {
  -webkit-transform: scale(1.3);
  -ms-transform: scale(1.3);
  transform: scale(1.3);
  cursor: pointer;
}

.c3 a {
  color: #fff;
  font-size: 3rem;
}

.c3 a:hover {
  color: #8257E6;
  -webkit-text-decoration: underline;
  text-decoration: underline;
}

@media (max-width:539px) {
  .c1 {
    margin-top: 3rem;
    font-size: 2.7rem;
  }
}

<div
  class="c0 showsidebar"
  role="navigation"
>
  <h1
    class="c1"
  >
    Bem Vindo ao meu Protif√≥lio!
  </h1>
  <ul
    class="c2"
    role="list"
  >
    <li
      class="c3"
      role="listitem"
    >
      <a
        href="#sobre"
      >
        Sobre
      </a>
    </li>
    <li
      class="c3"
      role="listitem"
    >
      <a
        href="#habilidades"
      >
        Habilidades
      </a>
    </li>
    <li
      class="c3"
      role="listitem"
    >
      <a
        href="#projects"
      >
        Projetos
      </a>
    </li>
    <li
      class="c3"
      role="listitem"
    >
      <a
        href="#contato"
      >
        Contato
      </a>
    </li>
  </ul>
</div>
`;
